[-0.52188333 -0.50112162 -0.4782676  -0.4049219  -0.52592991 -0.35477513
 -0.32950309 -0.49867861 -0.39645404 -0.3705816  -0.53297922 -0.4170038
 -0.38884941 -0.50066294 -0.52343835 -0.50147135 -0.38406676 -0.49930607
 -0.34000787 -0.36981774 -0.39715035 -0.50713183 -0.38966825 -0.5074257
 -0.53982527 -0.35470835 -0.49995446 -0.383908   -0.54971153 -0.47881636
 -0.54893268 -0.39154008 -0.41173995 -0.50805229 -0.37732251 -0.35443146
 -0.40539656 -0.38387161 -0.54517857 -0.52338116 -0.40620542 -0.47800398
 -0.49943244 -0.50482445 -0.5102548  -0.35318898 -0.55119547 -0.35075437
 -0.41029029 -0.32958424 -0.35520657]
