[-0.47370804 -0.01512402 -0.2933686   0.42337096  0.39889468  0.23864428
 -0.42250411 -0.39133148 -0.23997105 -0.20879842 -0.2332747  -0.3133999
 -0.3534625  -0.16203947  0.03607991  0.00490728 -0.46256671 -0.32009625
 -0.29561996 -0.1531495  -0.24886102 -0.18651575 -0.1932121  -0.05074163
 -0.0596316  -0.09080423  0.10731515  0.23639291  0.21411025  0.27645551
  0.26975916  0.33210443  0.1006188   0.24308926  0.15626771  0.29873818
  0.28315186  0.25197923  0.45009861  0.05385985  0.17404765  0.20522028
  0.22969656  0.2608692   0.0605562   0.09172883  0.11620511  0.14737775
  0.29873818  0.26756555  0.46568493]
