[-1.13708400e-02 -2.52401253e-01 -1.58105889e-01 -2.53046188e-01
 -1.02730053e-01  3.07857424e-02  1.65039406e-02  1.02339531e-02
 -7.49849706e-03  2.03358730e-03  1.68709401e-02  1.16318104e-02
 -5.46883208e-03 -3.66307173e-01 -2.16332415e-01 -3.08865566e-01
 -2.15389261e-01 -1.11256902e-01  2.72083076e-02  4.20445442e-02
 -7.47304561e-02  3.98513512e-02  1.63139249e-02  4.29008353e-02
 -7.33691160e-03  3.78053797e-02  1.68817500e-03  1.19697379e-02
  2.92719967e-02  1.01708771e-02  2.46994485e-02  2.91498040e-02
  2.38183394e-02  1.43569767e-01  2.64840495e-01  3.68607253e-01
  2.35431983e-01  3.12159958e-01  2.13482001e-05  5.67351744e-02
 -8.42197714e-03  1.74023726e-01  1.53633321e-02  6.80918669e-03
 -1.60048318e-03  1.23676916e-01  2.07197240e-01  2.84933975e-01
  1.27564214e-02  2.58711537e-01  2.99561004e-02]
